[INFO] Scanning for projects...
[INFO] 
[INFO] -----------------------< com.NexusHelth:Clinic >------------------------
[INFO] Building Clinic 0.0.1-SNAPSHOT
[INFO]   from pom.xml
[INFO] --------------------------------[ jar ]---------------------------------
[INFO] 
[INFO] --- resources:3.3.1:resources (default-resources) @ Clinic ---
[INFO] Copying 1 resource from src\main\resources to target\classes
[INFO] Copying 13 resources from src\main\resources to target\classes
[INFO] 
[INFO] --- compiler:3.14.1:compile (default-compile) @ Clinic ---
[INFO] Recompiling the module because of changed source code.
[INFO] Compiling 55 source files with javac [debug parameters release 21] to target\classes
[INFO] /C:/Users/Dewshan Gunawardhane/Desktop/New project/Fianel/NexusHealth/src/main/java/com/NexusHelth/controller/ReceptionistController.java: C:\Users\Dewshan Gunawardhane\Desktop\New project\Fianel\NexusHealth\src\main\java\com\NexusHelth\controller\ReceptionistController.java uses or overrides a deprecated API.
[INFO] /C:/Users/Dewshan Gunawardhane/Desktop/New project/Fianel/NexusHealth/src/main/java/com/NexusHelth/controller/ReceptionistController.java: Recompile with -Xlint:deprecation for details.
[INFO] -------------------------------------------------------------
[ERROR] COMPILATION ERROR : 
[INFO] -------------------------------------------------------------
[ERROR] /C:/Users/Dewshan Gunawardhane/Desktop/New project/Fianel/NexusHealth/src/main/java/com/NexusHelth/controller/AuthController.java:[168,28] cannot find symbol
  symbol:   variable request
  location: class com.NexusHelth.controller.AuthController
[ERROR] /C:/Users/Dewshan Gunawardhane/Desktop/New project/Fianel/NexusHealth/src/main/java/com/NexusHelth/controller/AuthController.java:[178,28] cannot find symbol
  symbol:   variable request
  location: class com.NexusHelth.controller.AuthController
[ERROR] /C:/Users/Dewshan Gunawardhane/Desktop/New project/Fianel/NexusHealth/src/main/java/com/NexusHelth/controller/AuthController.java:[188,28] cannot find symbol
  symbol:   variable request
  location: class com.NexusHelth.controller.AuthController
[ERROR] /C:/Users/Dewshan Gunawardhane/Desktop/New project/Fianel/NexusHealth/src/main/java/com/NexusHelth/controller/AuthController.java:[198,28] cannot find symbol
  symbol:   variable request
  location: class com.NexusHelth.controller.AuthController
[ERROR] /C:/Users/Dewshan Gunawardhane/Desktop/New project/Fianel/NexusHealth/src/main/java/com/NexusHelth/controller/ConsultationController.java:[22,28] cannot find symbol
  symbol:   variable request
  location: class com.NexusHelth.controller.ConsultationController
[ERROR] /C:/Users/Dewshan Gunawardhane/Desktop/New project/Fianel/NexusHealth/src/main/java/com/NexusHelth/controller/ConsultationController.java:[33,28] cannot find symbol
  symbol:   variable request
  location: class com.NexusHelth.controller.ConsultationController
[ERROR] /C:/Users/Dewshan Gunawardhane/Desktop/New project/Fianel/NexusHealth/src/main/java/com/NexusHelth/controller/ConsultationController.java:[55,28] cannot find symbol
  symbol:   variable request
  location: class com.NexusHelth.controller.ConsultationController
[ERROR] /C:/Users/Dewshan Gunawardhane/Desktop/New project/Fianel/NexusHealth/src/main/java/com/NexusHelth/controller/ConsultationController.java:[77,28] cannot find symbol
  symbol:   variable request
  location: class com.NexusHelth.controller.ConsultationController
[ERROR] /C:/Users/Dewshan Gunawardhane/Desktop/New project/Fianel/NexusHealth/src/main/java/com/NexusHelth/controller/ConsultationController.java:[94,28] cannot find symbol
  symbol:   variable request
  location: class com.NexusHelth.controller.ConsultationController
[ERROR] /C:/Users/Dewshan Gunawardhane/Desktop/New project/Fianel/NexusHealth/src/main/java/com/NexusHelth/controller/DashboardController.java:[29,26] cannot find symbol
  symbol:   variable request
  location: class com.NexusHelth.controller.DashboardController
[ERROR] /C:/Users/Dewshan Gunawardhane/Desktop/New project/Fianel/NexusHealth/src/main/java/com/NexusHelth/controller/DashboardController.java:[63,28] cannot find symbol
  symbol:   variable request
  location: class com.NexusHelth.controller.DashboardController
[ERROR] /C:/Users/Dewshan Gunawardhane/Desktop/New project/Fianel/NexusHealth/src/main/java/com/NexusHelth/controller/PatientDataController.java:[171,28] cannot find symbol
  symbol:   variable request
  location: class com.NexusHelth.controller.PatientDataController
[ERROR] /C:/Users/Dewshan Gunawardhane/Desktop/New project/Fianel/NexusHealth/src/main/java/com/NexusHelth/controller/PatientDataController.java:[209,28] cannot find symbol
  symbol:   variable request
  location: class com.NexusHelth.controller.PatientDataController
[ERROR] /C:/Users/Dewshan Gunawardhane/Desktop/New project/Fianel/NexusHealth/src/main/java/com/NexusHelth/controller/PatientDataController.java:[368,28] cannot find symbol
  symbol:   variable request
  location: class com.NexusHelth.controller.PatientDataController
[ERROR] /C:/Users/Dewshan Gunawardhane/Desktop/New project/Fianel/NexusHealth/src/main/java/com/NexusHelth/controller/PatientPaymentController.java:[36,28] cannot find symbol
  symbol:   variable request
  location: class com.NexusHelth.controller.PatientPaymentController
[ERROR] /C:/Users/Dewshan Gunawardhane/Desktop/New project/Fianel/NexusHealth/src/main/java/com/NexusHelth/controller/PatientPaymentController.java:[79,28] cannot find symbol
  symbol:   variable request
  location: class com.NexusHelth.controller.PatientPaymentController
[ERROR] /C:/Users/Dewshan Gunawardhane/Desktop/New project/Fianel/NexusHealth/src/main/java/com/NexusHelth/controller/PatientPaymentController.java:[133,28] cannot find symbol
  symbol:   variable request
  location: class com.NexusHelth.controller.PatientPaymentController
[ERROR] /C:/Users/Dewshan Gunawardhane/Desktop/New project/Fianel/NexusHealth/src/main/java/com/NexusHelth/controller/PatientPaymentController.java:[212,28] cannot find symbol
  symbol:   variable request
  location: class com.NexusHelth.controller.PatientPaymentController
[ERROR] /C:/Users/Dewshan Gunawardhane/Desktop/New project/Fianel/NexusHealth/src/main/java/com/NexusHelth/controller/PatientPaymentController.java:[264,28] cannot find symbol
  symbol:   variable request
  location: class com.NexusHelth.controller.PatientPaymentController
[ERROR] /C:/Users/Dewshan Gunawardhane/Desktop/New project/Fianel/NexusHealth/src/main/java/com/NexusHelth/controller/PharmacistAlertController.java:[30,28] cannot find symbol
  symbol:   variable request
  location: class com.NexusHelth.controller.PharmacistAlertController
[ERROR] /C:/Users/Dewshan Gunawardhane/Desktop/New project/Fianel/NexusHealth/src/main/java/com/NexusHelth/controller/PharmacistInventoryController.java:[123,28] cannot find symbol
  symbol:   variable request
  location: class com.NexusHelth.controller.PharmacistInventoryController
[ERROR] /C:/Users/Dewshan Gunawardhane/Desktop/New project/Fianel/NexusHealth/src/main/java/com/NexusHelth/controller/PharmacistInvoiceController.java:[93,28] cannot find symbol
  symbol:   variable request
  location: class com.NexusHelth.controller.PharmacistInvoiceController
[ERROR] /C:/Users/Dewshan Gunawardhane/Desktop/New project/Fianel/NexusHealth/src/main/java/com/NexusHelth/controller/PharmacistPrescriptionController.java:[52,28] cannot find symbol
  symbol:   variable request
  location: class com.NexusHelth.controller.PharmacistPrescriptionController
[ERROR] /C:/Users/Dewshan Gunawardhane/Desktop/New project/Fianel/NexusHealth/src/main/java/com/NexusHelth/controller/PharmacistPrescriptionController.java:[77,28] cannot find symbol
  symbol:   variable request
  location: class com.NexusHelth.controller.PharmacistPrescriptionController
[ERROR] /C:/Users/Dewshan Gunawardhane/Desktop/New project/Fianel/NexusHealth/src/main/java/com/NexusHelth/controller/ReceptionistController.java:[55,28] cannot find symbol
  symbol:   variable request
  location: class com.NexusHelth.controller.ReceptionistController
[ERROR] /C:/Users/Dewshan Gunawardhane/Desktop/New project/Fianel/NexusHealth/src/main/java/com/NexusHelth/controller/ReceptionistController.java:[84,28] cannot find symbol
  symbol:   variable request
  location: class com.NexusHelth.controller.ReceptionistController
[ERROR] /C:/Users/Dewshan Gunawardhane/Desktop/New project/Fianel/NexusHealth/src/main/java/com/NexusHelth/controller/ReceptionistController.java:[117,28] cannot find symbol
  symbol:   variable request
  location: class com.NexusHelth.controller.ReceptionistController
[ERROR] /C:/Users/Dewshan Gunawardhane/Desktop/New project/Fianel/NexusHealth/src/main/java/com/NexusHelth/controller/ReceptionistController.java:[138,28] cannot find symbol
  symbol:   variable request
  location: class com.NexusHelth.controller.ReceptionistController
[ERROR] /C:/Users/Dewshan Gunawardhane/Desktop/New project/Fianel/NexusHealth/src/main/java/com/NexusHelth/controller/ReceptionistController.java:[163,35] cannot find symbol
  symbol:   method getAttribute(java.lang.String)
  location: variable request of type com.NexusHelth.dto.AppointmentRequest
[ERROR] /C:/Users/Dewshan Gunawardhane/Desktop/New project/Fianel/NexusHealth/src/main/java/com/NexusHelth/controller/ReceptionistController.java:[221,28] cannot find symbol
  symbol:   variable request
  location: class com.NexusHelth.controller.ReceptionistController
[ERROR] /C:/Users/Dewshan Gunawardhane/Desktop/New project/Fianel/NexusHealth/src/main/java/com/NexusHelth/controller/ReceptionistController.java:[244,28] cannot find symbol
  symbol:   variable request
  location: class com.NexusHelth.controller.ReceptionistController
[ERROR] /C:/Users/Dewshan Gunawardhane/Desktop/New project/Fianel/NexusHealth/src/main/java/com/NexusHelth/controller/ReceptionistController.java:[279,28] cannot find symbol
  symbol:   variable request
  location: class com.NexusHelth.controller.ReceptionistController
[ERROR] /C:/Users/Dewshan Gunawardhane/Desktop/New project/Fianel/NexusHealth/src/main/java/com/NexusHelth/controller/ReceptionistController.java:[302,28] cannot find symbol
  symbol:   variable request
  location: class com.NexusHelth.controller.ReceptionistController
[ERROR] /C:/Users/Dewshan Gunawardhane/Desktop/New project/Fianel/NexusHealth/src/main/java/com/NexusHelth/controller/ReceptionistController.java:[338,28] cannot find symbol
  symbol:   variable request
  location: class com.NexusHelth.controller.ReceptionistController
[ERROR] /C:/Users/Dewshan Gunawardhane/Desktop/New project/Fianel/NexusHealth/src/main/java/com/NexusHelth/controller/ReceptionistController.java:[359,28] cannot find symbol
  symbol:   variable request
  location: class com.NexusHelth.controller.ReceptionistController
[ERROR] /C:/Users/Dewshan Gunawardhane/Desktop/New project/Fianel/NexusHealth/src/main/java/com/NexusHelth/controller/ReceptionistController.java:[379,28] cannot find symbol
  symbol:   variable request
  location: class com.NexusHelth.controller.ReceptionistController
[ERROR] /C:/Users/Dewshan Gunawardhane/Desktop/New project/Fianel/NexusHealth/src/main/java/com/NexusHelth/controller/ReceptionistController.java:[403,28] cannot find symbol
  symbol:   variable request
  location: class com.NexusHelth.controller.ReceptionistController
[ERROR] /C:/Users/Dewshan Gunawardhane/Desktop/New project/Fianel/NexusHealth/src/main/java/com/NexusHelth/controller/ReceptionistController.java:[429,28] cannot find symbol
  symbol:   variable request
  location: class com.NexusHelth.controller.ReceptionistController
[ERROR] /C:/Users/Dewshan Gunawardhane/Desktop/New project/Fianel/NexusHealth/src/main/java/com/NexusHelth/controller/ReceptionistController.java:[452,28] cannot find symbol
  symbol:   variable request
  location: class com.NexusHelth.controller.ReceptionistController
[ERROR] /C:/Users/Dewshan Gunawardhane/Desktop/New project/Fianel/NexusHealth/src/main/java/com/NexusHelth/controller/ReceptionistController.java:[471,28] cannot find symbol
  symbol:   variable request
  location: class com.NexusHelth.controller.ReceptionistController
[ERROR] /C:/Users/Dewshan Gunawardhane/Desktop/New project/Fianel/NexusHealth/src/main/java/com/NexusHelth/controller/ReceptionistController.java:[499,28] cannot find symbol
  symbol:   variable request
  location: class com.NexusHelth.controller.ReceptionistController
[ERROR] /C:/Users/Dewshan Gunawardhane/Desktop/New project/Fianel/NexusHealth/src/main/java/com/NexusHelth/controller/ReceptionistController.java:[532,28] cannot find symbol
  symbol:   variable request
  location: class com.NexusHelth.controller.ReceptionistController
[ERROR] /C:/Users/Dewshan Gunawardhane/Desktop/New project/Fianel/NexusHealth/src/main/java/com/NexusHelth/controller/ReceptionistController.java:[594,28] cannot find symbol
  symbol:   variable request
  location: class com.NexusHelth.controller.ReceptionistController
[ERROR] /C:/Users/Dewshan Gunawardhane/Desktop/New project/Fianel/NexusHealth/src/main/java/com/NexusHelth/controller/ReportsController.java:[44,28] cannot find symbol
  symbol:   variable request
  location: class com.NexusHelth.controller.ReportsController
[ERROR] /C:/Users/Dewshan Gunawardhane/Desktop/New project/Fianel/NexusHealth/src/main/java/com/NexusHelth/controller/ReportsController.java:[98,28] cannot find symbol
  symbol:   variable request
  location: class com.NexusHelth.controller.ReportsController
[ERROR] /C:/Users/Dewshan Gunawardhane/Desktop/New project/Fianel/NexusHealth/src/main/java/com/NexusHelth/controller/ReportsController.java:[139,28] cannot find symbol
  symbol:   variable request
  location: class com.NexusHelth.controller.ReportsController
[ERROR] /C:/Users/Dewshan Gunawardhane/Desktop/New project/Fianel/NexusHealth/src/main/java/com/NexusHelth/controller/ReportsController.java:[180,28] cannot find symbol
  symbol:   variable request
  location: class com.NexusHelth.controller.ReportsController
[ERROR] /C:/Users/Dewshan Gunawardhane/Desktop/New project/Fianel/NexusHealth/src/main/java/com/NexusHelth/controller/SettingsController.java:[24,28] cannot find symbol
  symbol:   variable request
  location: class com.NexusHelth.controller.SettingsController
[ERROR] /C:/Users/Dewshan Gunawardhane/Desktop/New project/Fianel/NexusHealth/src/main/java/com/NexusHelth/controller/SettingsController.java:[66,28] cannot find symbol
  symbol:   variable request
  location: class com.NexusHelth.controller.SettingsController
[ERROR] /C:/Users/Dewshan Gunawardhane/Desktop/New project/Fianel/NexusHealth/src/main/java/com/NexusHelth/controller/SettingsController.java:[91,28] cannot find symbol
  symbol:   variable request
  location: class com.NexusHelth.controller.SettingsController
[INFO] 50 errors 
[INFO] -------------------------------------------------------------
[INFO] ------------------------------------------------------------------------
[INFO] BUILD FAILURE
[INFO] ------------------------------------------------------------------------
[INFO] Total time:  3.172 s
[INFO] Finished at: 2026-03-29T20:47:31+05:30
[INFO] ------------------------------------------------------------------------
[ERROR] Failed to execute goal org.apache.maven.plugins:maven-compiler-plugin:3.14.1:compile (default-compile) on project Clinic: Compilation failure: Compilation failure: 
[ERROR] /C:/Users/Dewshan Gunawardhane/Desktop/New project/Fianel/NexusHealth/src/main/java/com/NexusHelth/controller/AuthController.java:[168,28] cannot find symbol
[ERROR]   symbol:   variable request
[ERROR]   location: class com.NexusHelth.controller.AuthController
[ERROR] /C:/Users/Dewshan Gunawardhane/Desktop/New project/Fianel/NexusHealth/src/main/java/com/NexusHelth/controller/AuthController.java:[178,28] cannot find symbol
[ERROR]   symbol:   variable request
[ERROR]   location: class com.NexusHelth.controller.AuthController
[ERROR] /C:/Users/Dewshan Gunawardhane/Desktop/New project/Fianel/NexusHealth/src/main/java/com/NexusHelth/controller/AuthController.java:[188,28] cannot find symbol
[ERROR]   symbol:   variable request
[ERROR]   location: class com.NexusHelth.controller.AuthController
[ERROR] /C:/Users/Dewshan Gunawardhane/Desktop/New project/Fianel/NexusHealth/src/main/java/com/NexusHelth/controller/AuthController.java:[198,28] cannot find symbol
[ERROR]   symbol:   variable request
[ERROR]   location: class com.NexusHelth.controller.AuthController
[ERROR] /C:/Users/Dewshan Gunawardhane/Desktop/New project/Fianel/NexusHealth/src/main/java/com/NexusHelth/controller/ConsultationController.java:[22,28] cannot find symbol
[ERROR]   symbol:   variable request
[ERROR]   location: class com.NexusHelth.controller.ConsultationController
[ERROR] /C:/Users/Dewshan Gunawardhane/Desktop/New project/Fianel/NexusHealth/src/main/java/com/NexusHelth/controller/ConsultationController.java:[33,28] cannot find symbol
[ERROR]   symbol:   variable request
[ERROR]   location: class com.NexusHelth.controller.ConsultationController
[ERROR] /C:/Users/Dewshan Gunawardhane/Desktop/New project/Fianel/NexusHealth/src/main/java/com/NexusHelth/controller/ConsultationController.java:[55,28] cannot find symbol
[ERROR]   symbol:   variable request
[ERROR]   location: class com.NexusHelth.controller.ConsultationController
[ERROR] /C:/Users/Dewshan Gunawardhane/Desktop/New project/Fianel/NexusHealth/src/main/java/com/NexusHelth/controller/ConsultationController.java:[77,28] cannot find symbol
[ERROR]   symbol:   variable request
[ERROR]   location: class com.NexusHelth.controller.ConsultationController
[ERROR] /C:/Users/Dewshan Gunawardhane/Desktop/New project/Fianel/NexusHealth/src/main/java/com/NexusHelth/controller/ConsultationController.java:[94,28] cannot find symbol
[ERROR]   symbol:   variable request
[ERROR]   location: class com.NexusHelth.controller.ConsultationController
[ERROR] /C:/Users/Dewshan Gunawardhane/Desktop/New project/Fianel/NexusHealth/src/main/java/com/NexusHelth/controller/DashboardController.java:[29,26] cannot find symbol
[ERROR]   symbol:   variable request
[ERROR]   location: class com.NexusHelth.controller.DashboardController
[ERROR] /C:/Users/Dewshan Gunawardhane/Desktop/New project/Fianel/NexusHealth/src/main/java/com/NexusHelth/controller/DashboardController.java:[63,28] cannot find symbol
[ERROR]   symbol:   variable request
[ERROR]   location: class com.NexusHelth.controller.DashboardController
[ERROR] /C:/Users/Dewshan Gunawardhane/Desktop/New project/Fianel/NexusHealth/src/main/java/com/NexusHelth/controller/PatientDataController.java:[171,28] cannot find symbol
[ERROR]   symbol:   variable request
[ERROR]   location: class com.NexusHelth.controller.PatientDataController
[ERROR] /C:/Users/Dewshan Gunawardhane/Desktop/New project/Fianel/NexusHealth/src/main/java/com/NexusHelth/controller/PatientDataController.java:[209,28] cannot find symbol
[ERROR]   symbol:   variable request
[ERROR]   location: class com.NexusHelth.controller.PatientDataController
[ERROR] /C:/Users/Dewshan Gunawardhane/Desktop/New project/Fianel/NexusHealth/src/main/java/com/NexusHelth/controller/PatientDataController.java:[368,28] cannot find symbol
[ERROR]   symbol:   variable request
[ERROR]   location: class com.NexusHelth.controller.PatientDataController
[ERROR] /C:/Users/Dewshan Gunawardhane/Desktop/New project/Fianel/NexusHealth/src/main/java/com/NexusHelth/controller/PatientPaymentController.java:[36,28] cannot find symbol
[ERROR]   symbol:   variable request
[ERROR]   location: class com.NexusHelth.controller.PatientPaymentController
[ERROR] /C:/Users/Dewshan Gunawardhane/Desktop/New project/Fianel/NexusHealth/src/main/java/com/NexusHelth/controller/PatientPaymentController.java:[79,28] cannot find symbol
[ERROR]   symbol:   variable request
[ERROR]   location: class com.NexusHelth.controller.PatientPaymentController
[ERROR] /C:/Users/Dewshan Gunawardhane/Desktop/New project/Fianel/NexusHealth/src/main/java/com/NexusHelth/controller/PatientPaymentController.java:[133,28] cannot find symbol
[ERROR]   symbol:   variable request
[ERROR]   location: class com.NexusHelth.controller.PatientPaymentController
[ERROR] /C:/Users/Dewshan Gunawardhane/Desktop/New project/Fianel/NexusHealth/src/main/java/com/NexusHelth/controller/PatientPaymentController.java:[212,28] cannot find symbol
[ERROR]   symbol:   variable request
[ERROR]   location: class com.NexusHelth.controller.PatientPaymentController
[ERROR] /C:/Users/Dewshan Gunawardhane/Desktop/New project/Fianel/NexusHealth/src/main/java/com/NexusHelth/controller/PatientPaymentController.java:[264,28] cannot find symbol
[ERROR]   symbol:   variable request
[ERROR]   location: class com.NexusHelth.controller.PatientPaymentController
[ERROR] /C:/Users/Dewshan Gunawardhane/Desktop/New project/Fianel/NexusHealth/src/main/java/com/NexusHelth/controller/PharmacistAlertController.java:[30,28] cannot find symbol
[ERROR]   symbol:   variable request
[ERROR]   location: class com.NexusHelth.controller.PharmacistAlertController
[ERROR] /C:/Users/Dewshan Gunawardhane/Desktop/New project/Fianel/NexusHealth/src/main/java/com/NexusHelth/controller/PharmacistInventoryController.java:[123,28] cannot find symbol
[ERROR]   symbol:   variable request
[ERROR]   location: class com.NexusHelth.controller.PharmacistInventoryController
[ERROR] /C:/Users/Dewshan Gunawardhane/Desktop/New project/Fianel/NexusHealth/src/main/java/com/NexusHelth/controller/PharmacistInvoiceController.java:[93,28] cannot find symbol
[ERROR]   symbol:   variable request
[ERROR]   location: class com.NexusHelth.controller.PharmacistInvoiceController
[ERROR] /C:/Users/Dewshan Gunawardhane/Desktop/New project/Fianel/NexusHealth/src/main/java/com/NexusHelth/controller/PharmacistPrescriptionController.java:[52,28] cannot find symbol
[ERROR]   symbol:   variable request
[ERROR]   location: class com.NexusHelth.controller.PharmacistPrescriptionController
[ERROR] /C:/Users/Dewshan Gunawardhane/Desktop/New project/Fianel/NexusHealth/src/main/java/com/NexusHelth/controller/PharmacistPrescriptionController.java:[77,28] cannot find symbol
[ERROR]   symbol:   variable request
[ERROR]   location: class com.NexusHelth.controller.PharmacistPrescriptionController
[ERROR] /C:/Users/Dewshan Gunawardhane/Desktop/New project/Fianel/NexusHealth/src/main/java/com/NexusHelth/controller/ReceptionistController.java:[55,28] cannot find symbol
[ERROR]   symbol:   variable request
[ERROR]   location: class com.NexusHelth.controller.ReceptionistController
[ERROR] /C:/Users/Dewshan Gunawardhane/Desktop/New project/Fianel/NexusHealth/src/main/java/com/NexusHelth/controller/ReceptionistController.java:[84,28] cannot find symbol
[ERROR]   symbol:   variable request
[ERROR]   location: class com.NexusHelth.controller.ReceptionistController
[ERROR] /C:/Users/Dewshan Gunawardhane/Desktop/New project/Fianel/NexusHealth/src/main/java/com/NexusHelth/controller/ReceptionistController.java:[117,28] cannot find symbol
[ERROR]   symbol:   variable request
[ERROR]   location: class com.NexusHelth.controller.ReceptionistController
[ERROR] /C:/Users/Dewshan Gunawardhane/Desktop/New project/Fianel/NexusHealth/src/main/java/com/NexusHelth/controller/ReceptionistController.java:[138,28] cannot find symbol
[ERROR]   symbol:   variable request
[ERROR]   location: class com.NexusHelth.controller.ReceptionistController
[ERROR] /C:/Users/Dewshan Gunawardhane/Desktop/New project/Fianel/NexusHealth/src/main/java/com/NexusHelth/controller/ReceptionistController.java:[163,35] cannot find symbol
[ERROR]   symbol:   method getAttribute(java.lang.String)
[ERROR]   location: variable request of type com.NexusHelth.dto.AppointmentRequest
[ERROR] /C:/Users/Dewshan Gunawardhane/Desktop/New project/Fianel/NexusHealth/src/main/java/com/NexusHelth/controller/ReceptionistController.java:[221,28] cannot find symbol
[ERROR]   symbol:   variable request
[ERROR]   location: class com.NexusHelth.controller.ReceptionistController
[ERROR] /C:/Users/Dewshan Gunawardhane/Desktop/New project/Fianel/NexusHealth/src/main/java/com/NexusHelth/controller/ReceptionistController.java:[244,28] cannot find symbol
[ERROR]   symbol:   variable request
[ERROR]   location: class com.NexusHelth.controller.ReceptionistController
[ERROR] /C:/Users/Dewshan Gunawardhane/Desktop/New project/Fianel/NexusHealth/src/main/java/com/NexusHelth/controller/ReceptionistController.java:[279,28] cannot find symbol
[ERROR]   symbol:   variable request
[ERROR]   location: class com.NexusHelth.controller.ReceptionistController
[ERROR] /C:/Users/Dewshan Gunawardhane/Desktop/New project/Fianel/NexusHealth/src/main/java/com/NexusHelth/controller/ReceptionistController.java:[302,28] cannot find symbol
[ERROR]   symbol:   variable request
[ERROR]   location: class com.NexusHelth.controller.ReceptionistController
[ERROR] /C:/Users/Dewshan Gunawardhane/Desktop/New project/Fianel/NexusHealth/src/main/java/com/NexusHelth/controller/ReceptionistController.java:[338,28] cannot find symbol
[ERROR]   symbol:   variable request
[ERROR]   location: class com.NexusHelth.controller.ReceptionistController
[ERROR] /C:/Users/Dewshan Gunawardhane/Desktop/New project/Fianel/NexusHealth/src/main/java/com/NexusHelth/controller/ReceptionistController.java:[359,28] cannot find symbol
[ERROR]   symbol:   variable request
[ERROR]   location: class com.NexusHelth.controller.ReceptionistController
[ERROR] /C:/Users/Dewshan Gunawardhane/Desktop/New project/Fianel/NexusHealth/src/main/java/com/NexusHelth/controller/ReceptionistController.java:[379,28] cannot find symbol
[ERROR]   symbol:   variable request
[ERROR]   location: class com.NexusHelth.controller.ReceptionistController
[ERROR] /C:/Users/Dewshan Gunawardhane/Desktop/New project/Fianel/NexusHealth/src/main/java/com/NexusHelth/controller/ReceptionistController.java:[403,28] cannot find symbol
[ERROR]   symbol:   variable request
[ERROR]   location: class com.NexusHelth.controller.ReceptionistController
[ERROR] /C:/Users/Dewshan Gunawardhane/Desktop/New project/Fianel/NexusHealth/src/main/java/com/NexusHelth/controller/ReceptionistController.java:[429,28] cannot find symbol
[ERROR]   symbol:   variable request
[ERROR]   location: class com.NexusHelth.controller.ReceptionistController
[ERROR] /C:/Users/Dewshan Gunawardhane/Desktop/New project/Fianel/NexusHealth/src/main/java/com/NexusHelth/controller/ReceptionistController.java:[452,28] cannot find symbol
[ERROR]   symbol:   variable request
[ERROR]   location: class com.NexusHelth.controller.ReceptionistController
[ERROR] /C:/Users/Dewshan Gunawardhane/Desktop/New project/Fianel/NexusHealth/src/main/java/com/NexusHelth/controller/ReceptionistController.java:[471,28] cannot find symbol
[ERROR]   symbol:   variable request
[ERROR]   location: class com.NexusHelth.controller.ReceptionistController
[ERROR] /C:/Users/Dewshan Gunawardhane/Desktop/New project/Fianel/NexusHealth/src/main/java/com/NexusHelth/controller/ReceptionistController.java:[499,28] cannot find symbol
[ERROR]   symbol:   variable request
[ERROR]   location: class com.NexusHelth.controller.ReceptionistController
[ERROR] /C:/Users/Dewshan Gunawardhane/Desktop/New project/Fianel/NexusHealth/src/main/java/com/NexusHelth/controller/ReceptionistController.java:[532,28] cannot find symbol
[ERROR]   symbol:   variable request
[ERROR]   location: class com.NexusHelth.controller.ReceptionistController
[ERROR] /C:/Users/Dewshan Gunawardhane/Desktop/New project/Fianel/NexusHealth/src/main/java/com/NexusHelth/controller/ReceptionistController.java:[594,28] cannot find symbol
[ERROR]   symbol:   variable request
[ERROR]   location: class com.NexusHelth.controller.ReceptionistController
[ERROR] /C:/Users/Dewshan Gunawardhane/Desktop/New project/Fianel/NexusHealth/src/main/java/com/NexusHelth/controller/ReportsController.java:[44,28] cannot find symbol
[ERROR]   symbol:   variable request
[ERROR]   location: class com.NexusHelth.controller.ReportsController
[ERROR] /C:/Users/Dewshan Gunawardhane/Desktop/New project/Fianel/NexusHealth/src/main/java/com/NexusHelth/controller/ReportsController.java:[98,28] cannot find symbol
[ERROR]   symbol:   variable request
[ERROR]   location: class com.NexusHelth.controller.ReportsController
[ERROR] /C:/Users/Dewshan Gunawardhane/Desktop/New project/Fianel/NexusHealth/src/main/java/com/NexusHelth/controller/ReportsController.java:[139,28] cannot find symbol
[ERROR]   symbol:   variable request
[ERROR]   location: class com.NexusHelth.controller.ReportsController
[ERROR] /C:/Users/Dewshan Gunawardhane/Desktop/New project/Fianel/NexusHealth/src/main/java/com/NexusHelth/controller/ReportsController.java:[180,28] cannot find symbol
[ERROR]   symbol:   variable request
[ERROR]   location: class com.NexusHelth.controller.ReportsController
[ERROR] /C:/Users/Dewshan Gunawardhane/Desktop/New project/Fianel/NexusHealth/src/main/java/com/NexusHelth/controller/SettingsController.java:[24,28] cannot find symbol
[ERROR]   symbol:   variable request
[ERROR]   location: class com.NexusHelth.controller.SettingsController
[ERROR] /C:/Users/Dewshan Gunawardhane/Desktop/New project/Fianel/NexusHealth/src/main/java/com/NexusHelth/controller/SettingsController.java:[66,28] cannot find symbol
[ERROR]   symbol:   variable request
[ERROR]   location: class com.NexusHelth.controller.SettingsController
[ERROR] /C:/Users/Dewshan Gunawardhane/Desktop/New project/Fianel/NexusHealth/src/main/java/com/NexusHelth/controller/SettingsController.java:[91,28] cannot find symbol
[ERROR]   symbol:   variable request
[ERROR]   location: class com.NexusHelth.controller.SettingsController
[ERROR] -> [Help 1]
[ERROR] 
[ERROR] To see the full stack trace of the errors, re-run Maven with the -e switch.
[ERROR] Re-run Maven using the -X switch to enable full debug logging.
[ERROR] 
[ERROR] For more information about the errors and possible solutions, please read the following articles:
[ERROR] [Help 1] http://cwiki.apache.org/confluence/display/MAVEN/MojoFailureException
